
Running 1 test using 1 worker

  Γ£ÿ  1 [chromium] ΓÇ║ tests\auditoria_home.spec.ts:9:9 ΓÇ║ Auditor├¡a de Acceso y Dashboard ΓÇ║ Verificaci├│n de flujo inicial y locators sem├ínticos (8.6s)


  1) [chromium] ΓÇ║ tests\auditoria_home.spec.ts:9:9 ΓÇ║ Auditor├¡a de Acceso y Dashboard ΓÇ║ Verificaci├│n de flujo inicial y locators sem├ínticos ΓÇ║ 4. Seleccionar Rol Estudiante 

    Error: [2mexpect([22m[31mpage[39m[2m).[22mtoHaveURL[2m([22m[32mexpected[39m[2m)[22m failed

    Expected pattern: [32m/.*dashboard/[39m
    Received string:  [31m"http://localhost:3000/estudiante"[39m
    Timeout: 5000ms

    Call log:
    [2m  - Expect "toHaveURL" with timeout 5000ms[22m
    [2m    2 ├ù unexpected value "http://localhost:3000/seleccion-rol"[22m
    [2m    7 ├ù unexpected value "http://localhost:3000/estudiante"[22m


      37 |         await test.step('4. Seleccionar Rol Estudiante', async () => {
      38 |             await roleSelectionPage.selectEstudiante();
    > 39 |             await expect(page).toHaveURL(/.*dashboard/);
         |                                ^
      40 |         });
      41 |
      42 |         await test.step('5. Verificar Dashboard y Nombres de Asignaturas', async () => {
        at C:\Users\MFRM\nucleo-pedagogico-multimodal\tests\auditoria_home.spec.ts:39:32
        at C:\Users\MFRM\nucleo-pedagogico-multimodal\tests\auditoria_home.spec.ts:37:9

    Error Context: test-results\auditoria_home-Auditor├¡a-d-aa082-icial-y-locators-sem├ínticos-chromium\error-context.md

    attachment #2: trace (application/zip) ΓöÇΓöÇΓöÇΓöÇΓöÇΓöÇΓöÇΓöÇΓöÇΓöÇΓöÇΓöÇΓöÇΓöÇΓöÇΓöÇΓöÇΓöÇΓöÇΓöÇΓöÇΓöÇΓöÇΓöÇΓöÇΓöÇΓöÇΓöÇΓöÇΓöÇΓöÇΓöÇΓöÇΓöÇΓöÇΓöÇΓöÇΓöÇΓöÇΓöÇΓöÇΓöÇΓöÇΓöÇΓöÇΓöÇΓöÇΓöÇΓöÇΓöÇΓöÇΓöÇΓöÇΓöÇΓöÇΓöÇΓöÇ
    test-results\auditoria_home-Auditor├¡a-d-aa082-icial-y-locators-sem├ínticos-chromium\trace.zip
    Usage:

        npx playwright show-trace test-results\auditoria_home-Auditor├¡a-d-aa082-icial-y-locators-sem├ínticos-chromium\trace.zip

    ΓöÇΓöÇΓöÇΓöÇΓöÇΓöÇΓöÇΓöÇΓöÇΓöÇΓöÇΓöÇΓöÇΓöÇΓöÇΓöÇΓöÇΓöÇΓöÇΓöÇΓöÇΓöÇΓöÇΓöÇΓöÇΓöÇΓöÇΓöÇΓöÇΓöÇΓöÇΓöÇΓöÇΓöÇΓöÇΓöÇΓöÇΓöÇΓöÇΓöÇΓöÇΓöÇΓöÇΓöÇΓöÇΓöÇΓöÇΓöÇΓöÇΓöÇΓöÇΓöÇΓöÇΓöÇΓöÇΓöÇΓöÇΓöÇΓöÇΓöÇΓöÇΓöÇΓöÇΓöÇΓöÇΓöÇΓöÇΓöÇΓöÇΓöÇΓöÇΓöÇΓöÇΓöÇΓöÇΓöÇΓöÇΓöÇΓöÇΓöÇΓöÇΓöÇΓöÇΓöÇΓöÇΓöÇΓöÇΓöÇΓöÇΓöÇΓöÇΓöÇΓöÇΓöÇΓöÇΓöÇ

  1 failed
    [chromium] ΓÇ║ tests\auditoria_home.spec.ts:9:9 ΓÇ║ Auditor├¡a de Acceso y Dashboard ΓÇ║ Verificaci├│n de flujo inicial y locators sem├ínticos 
