app/estudiante/cierre/page.tsx(44,15): error TS2739: Type '{ asignatura_activa: any; nivel: string; dia_actual: number; proposito_formativo_id: string; evaluacion_evidencia: { tipo: "digital"; rubrica_version: string; comentario_portafolio: string; validada_por_docente: true; }; acreditacion: { ...; }; decision_academica: { ...; }; }' is missing the following properties from type 'StatusUpdate': proposito_formativo_actual, proposito_formativo_siguiente
app/estudiante/recuperacion/page.tsx(52,15): error TS2739: Type '{ asignatura_activa: any; nivel: string; dia_actual: number; proposito_formativo_id: string; evaluacion_evidencia: { tipo: "digital"; rubrica_version: string; comentario_portafolio: string; validada_por_docente: false; }; acreditacion: { ...; }; decision_academica: { ...; }; }' is missing the following properties from type 'StatusUpdate': proposito_formativo_actual, proposito_formativo_siguiente
app/estudiante/sesion/page.tsx(53,15): error TS2739: Type '{ asignatura_activa: any; nivel: string; dia_actual: number; proposito_formativo_id: string; evaluacion_evidencia: { tipo: "digital"; rubrica_version: string; comentario_portafolio: string; validada_por_docente: false; }; acreditacion: { ...; }; decision_academica: { ...; }; }' is missing the following properties from type 'StatusUpdate': proposito_formativo_actual, proposito_formativo_siguiente
components/infrastructure/HeaderContextual.tsx(19,7): error TS2741: Property 'PMI' is missing in type '{ PM: { nombre: string; icon: ForwardRefExoticComponent<Omit<LucideProps, "ref"> & RefAttributes<SVGSVGElement>>; color: string; }; CNEYT: { ...; }; FISICA: { ...; }; }' but required in type 'Record<Asignatura, { nombre: string; icon: ForwardRefExoticComponent<Omit<LucideProps, "ref"> & RefAttributes<SVGSVGElement>>; color: string; }>'.
